AnotherWorldAnotherWorldAnotherWorldAnotherWorldAnotherWorldAnotherWorldAnotherWorldAnotherWorldAnotherWorldAnotherWorldAnotherWorldAnotherWorld
AnotherWorldAnotherWorldAnotherWorldAnotherWorldAnotherWorldAnotherWorldAnotherWorldAnotherWorldAnotherWorldAnotherWorldAnotherWorldAnotherWorld
AnotherWorldAnotherWorldAnotherWorldAnotherWorldAnotherWorldAnotherWorldAnotherWorldAnotherWorldAnotherWorldAnotherWorldAnotherWorldAnotherWorld
AnotherWorldAnotherWorldAnotherWorldAnotherWorldAnotherWorldAnotherWorldAnotherWorldAnotherWorldAnotherWorldAnotherWorldAnotherWorldAnotherWorld
AnotherWorldAnotherWorldAnotherWorldAnotherWorldAnotherWorldAnotherWorldAnotherWorldAnotherWorldAnotherWorldAnotherWorldAnotherWorldAnotherWorld
AnotherWorldAnotherWorldAnotherWorldAnotherWorldAnotherWorldAnotherWorldAnotherWorldAnotherWorldAnotherWorldAnotherWorldAnotherWorldAnotherWorld
AnotherWorldAnotherWorldAnotherWorldAnotherWorldAnotherWorldAnotherWorldAnotherWorldAnotherWorldAnotherWorldAnotherWorldAnotherWorldAnotherWorld
AnotherWorldAnotherWorldAnotherWorldAnotherWorldAnotherWorldAnotherWorldAnotherWorldAnotherWorldAnotherWorldAnotherWorldAnotherWorldAnotherWorld
AnotherWorldAnotherWorldAnotherWorldAnotherWorldAnotherWorldAnotherWorldAnotherWorldAnotherWorldAnotherWorldAnotherWorldAnotherWorldAnotherWorld
AnotherWorldAnotherWorldAnotherWorldAnotherWorldAnotherWorldAnotherWorldAnotherWorldAnotherWorldAnotherWorldAnotherWorldAnotherWorldAnotherWorld
AnotherWorldAnotherWorldAnotherWorldAnotherWorldAnotherWorldAnotherWorldAnotherWorldAnotherWorldAnotherWorldAnotherWorldAnotherWorldAnotherWorld
AnotherWorldAnotherWorldAnotherWorldAnotherWorldAnotherWorldAnotherWorldAnotherWorldAnotherWorldAnotherWorldAnotherWorldAnotherWorldAnotherWorld
AnotherWorldAnotherWorldAnotherWorldAnotherWorldAnotherWorldAnotherWorldAnotherWorldAnotherWorldAnotherWorldAnotherWorldAnotherWorldAnotherWorld
AnotherWorldAnotherWorldAnotherWorldAnotherWorldAnotherWorldAnotherWorldAnotherWorldAnotherWorldAnotherWorldAnotherWorldAnotherWorldAnotherWorld
AnotherWorldAnotherWorldAnotherWorldAnotherWorldAnotherWorldAnotherWorldAnotherWorldAnotherWorldAnotherWorldAnotherWorldAnotherWorldAnotherWorld
AnotherWorldAnotherWorldAnotherWorldAnotherWorldAnotherWorld                        AnotherWorldAnotherWorldAnotherWorldAnotherWorldAnotherWorld
AnotherWorldAnotherWorldAnotherWorldAnotherWorldAnotherWorldAn      $   AnotherWorldAnotherWorldAnotherWorldAnotherWorldAnotherWorldAnotherWorld
AnotherWorldAnotherWorldAnotherWorldAnotherWorldAnotherWorldAnot      ldAnotherWorldAnotherWorldAnotherWorldAnotherWorldAnotherWorldAnotherWorld
AnotherWorldAnotherWorldAnotherWorldAnotherWorldAnoth            rW    d   therWorldAnotherWorldAnotherWorldAnotherWorldAnotherWorldAnotherWorld
AnotherWorldAnotherWorldAnotherWorldAnotherWorldAnotherWorldAnoth   orldAnotherWorldAnotherWorldAnotherWorldAnotherWorldAnotherWorldAnotherWorld
AnotherWorldAnotherWorldAnotherWorldAnotherWorldAnotherWorldAnot      ldAnotherWorldAnotherWorldAnotherWorldAnotherWorldAnotherWorldAnotherWorld
AnotherWorldAnotherWorldAnotherWorldAnotherWorldAnotherWorldAnot     rldAnotherWorldAnotherWorldAnotherWorldAnotherWorldAnotherWorldAnotherWorld
AnotherWorldAnotherWorldAnotherWorldAnotherWorldAnotherWorldAnoth   orldAnotherWorldAnotherWorldAnotherWorldAnotherWorldAnotherWorldAnotherWorld
AnotherWorldAnotherWorldAnotherWorldAnotherWorldAnotherWorldAnot    orldAnotherWorldAnotherWorldAnotherWorldAnotherWorldAnotherWorldAnotherWorld
AnotherWorldAnotherWorldAnotherWorldAnotherWorldAnotherWorldAn          AnotherWorldAnotherWorldAnotherWorldAnotherWorldAnotherWorldAnotherWorld
AnotherWorldAnotherWorldAnotherWorldAnotherWorldAnotherWorldAnoth                rldAnotherWorldAnotherWorldAnotherWorldAnotherWorldAnotherWorld
AnotherWorldAnotherWorldAnotherWorldAnotherWorldAnotherWorldAnot        AnotherWorldAnotherWorldAnotherWorldAnotherWorldAnotherWorldAnotherWorld
AnotherWorldAnotherWorldAnotherWorldAnotherWorldAnotherWo▒                       rldAnotherWorldAnotherWorldAnotherWorldAnotherWorldAnotherWorld
AnotherWorldAnotherWorldAnotherWorldAnotherWorldAnotherWorldAnotherWorldAnotherWorldAnotherWorldAnotherWorldAnotherWorldAnotherWorldAnotherWorld
AnotherWorldAnotherWorldAnotherWorldAnotherWorldAnotherWorldAnotherWorldAnotherWorldAnotherWorldAnotherWorldAnotherWorldAnotherWorldAnotherWorld
AnotherWorldAnotherWorldAnotherWorldAnotherWorldAnotherWorldAnotherWorldAnotherWorldAnotherWorldAnotherWorldAnotherWorldAnotherWorldAnotherWorld
AnotherWorldAnotherWorldAnotherWorldAnotherWorldAnotherWorldAnotherWorldAnotherWorldAnotherWorldAnotherWorldAnotherWorldAnotherWorldAnotherWorld
AnotherWorldAnotherWorldAnotherWorldAnotherWorldAnotherWorldAnotherWorldAnotherWorldAnotherWorldAnotherWorldAnotherWorldAnotherWorldAnotherWorld
AnotherWorldAnotherWorldAnotherWorldAnotherWorldAnotherWorldAnotherWorldAnotherWorldAnotherWorldAnotherWorldAnotherWorldAnotherWorldAnotherWorld
AnotherWorldAnotherWorldAnotherWorldAnotherWorldAnotherWorldAnotherWorldAnotherWorldAnotherWorldAnotherWorldAnotherWorldAnotherWorldAnotherWorld
AnotherWorldAnotherWorldAnotherWorldAnotherWorldAnotherWorldAnotherWorldAnotherWorldAnotherWorldAnotherWorldAnotherWorldAnotherWorldAnotherWorld
AnotherWorldAnotherWorldAnotherWorldAnotherWorldAnotherWorldAnotherWorldAnotherWorldAnotherWorldAnotherWorldAnotherWorldAnotherWorldAnotherWorld
AnotherWorldAnotherWorldAnotherWorldAnotherWorldAnotherWorldAnotherWorldAnotherWorldAnotherWorldAnotherWorldAnotherWorldAnotherWorldAnotherWorld
AnotherWorldAnotherWorldAnotherWorldAnotherWorldAnotherWorldAnotherWorldAnotherWorldAnotherWorldAnotherWorldAnotherWorldAnotherWorldAnotherWorld
AnotherWorldAnotherWorldAnotherWorldAnotherWorldAnotherWorldAnotherWorldAnotherWorldAnotherWorldAnotherWorldAnotherWorldAnotherWorldAnotherWorld
AnotherWorldAnotherWorldAnotherWorldAnotherWorldAnotherWorldAnotherWorldAnotherWorldAnotherWorldAnotherWorldAnotherWorldAnotherWorldAnotherWorld
AnotherWorldAnotherWorldAnotherWorldAnotherWorldAnotherWorldAnotherWorldAnotherWorldAnotherWorldAnotherWorldAnotherWorldAnotherWorldAnotherWorld
AnotherWorldAnotherWorldAnotherWorldAnotherWorldAnotherWorldAnotherWorldAnotherWorldAnotherWorldAnotherWorldAnotherWorldAnotherWorldAnotherWorld
AnotherWorldAnotherWorldAnotherWorldAnotherWorldAnotherWorldAnotherWorldAnotherWorldAnotherWorldAnotherWorldAnotherWorldAnotherWorldAnotherWorld
AnotherWorldAnotherWorldAnotherWorldAnotherWorldAnotherWorldAnotherWorldAnotherWorldAnotherWorldAnotherWorldAnotherWorldAnotherWorldAnotherWorld
AnotherWorldAnotherWorldAnotherWorldAnotherWorldAnotherWorldAnotherWorldAnotherWorldAnotherWorldAnotherWorldAnotherWorldAnotherWorldAnotherWorld
AnotherWorldAnotherWorldAnotherWorldAnotherWorldAnotherWorldAnotherWorldAnotherWorldAnotherWorldAnotherWorldAnotherWorldAnotherWorldAnotherWorld
AnotherWorldAnotherWorldAnotherWorldAnotherWorldAnotherWorldAnotherWorldAnotherWorldAnotherWorldAnotherWorldAnotherWorldAnotherWorldAnotherWorld
AnotherWorldAnotherWorldAnotherWorldAnotherWorldAnotherWorldAnotherWorldAnotherWorldAnotherWorldAnotherWorldAnotherWorldAnotherWorldAnotherWorld
<!!>
{
  "Id": 2,
  "WormholePortalMaps": [
    [
      2,
      27,
      57,
      1,
      17,
      64
    ]
  ],
  "CharacterColors": {
    "Cyan": "@",
    "Magenta": "▒",
    "Red": "&",
    "Green": "$"
  }
}