1sdfasdfasdfasdfa sdfhdtyijrdfgasfasdfasdkjf  1sdfasdfasdfasdfa sdfhdtyij31rtsdgfhu6yjgnbvasgsdiokjhhbvr4ergfygwvesdfh
2sdfasdfsghjhgfjgjhkjkghfsdafewrtjfgijdfgsdf   sdfasdfsghjhgfjgjhkjkghfsd31rtsdgfhu6yjgnbvasgsdiokjhhbvr4ergfygwvesdfh
31rtsdgfhu6yjgnbvasgsdiokjhhbvr4ergfygwvesdfh      gfhu6yjgnbvasgsdiokjhh31rtsdgfhu6yjgnbvasgsdiokjhhbvr4ergfygwvesdfh
4sdfasdfasdfas6ispdofgupsdfugpsiod;fgjsdpifgjsd        dfas6ispdofgupsdfu31rtsdgfhu6yjgnbvasgsdiokjhhbvr4ergfygwvesdfh
5w4y345hsdfsfg;sdlfkgjsdpfgijsdpifghspdfhgisdpf          ;sdlfkgjsdpfgijs31rtsdgfhu6yjgnbvasgsdiokjhhbvr4ergfygwvesdfh
6fg924p5uyegrjsdkfjgh-24upwejfdkjgww[gwkjdfswef6fg9        dkfjgh-24upwej31rtsdgfhu6yjgnbvasgsdiokjhhbvr4ergfygwvesdfh
795gjrepw;ldfkjgwpe;iyghdshwepkryhgpweiokfdhgb[795gj     wpe;iyghdshwepkr31rtsdgfhu6yjgnbvasgsdiokjhhbvr4ergfygwvesdfh
8sdfasdfasdfasdfahellordfgasfasdfasdkjfhad123338sdf       fasdfahellordfg31rtsdgfhu6yjgnbvasgsdiokjhhbvr4ergfygwvesdfh
9sdfasdfsghjhgfjgjhkjkghfsdafewrtjfgijdfgsdfgas9s         ghjhgfjgjhkjkgh31rtsdgfhu6yjgnbvasgsdiokjhhbvr4ergfygwvesdfh
101rtsdgfhu6yjgnbvasgsdiokjhhbvr4ergfygwvesdfhl101rt             vr4ergfy31rtsdgfhu6yjgnbvasgsdiokjhhbvr4ergfygwvesdfh
11sdfasdfasdfas6ispdofgupsdfugpsiod;fgjsdpifgjs11sd        dfugpsiod;fgjs31rtsdgfhu6yjgnbvasgsdiokjhhbvr4ergfygwvesdfh
12w4y345hsdfsfg;sdlfkgjsdpfgijsdpifghspdfhgi             ifghspdfhgisdp9s31rtsdgfhu6yjgnbvasgsdiokjhhbvr4ergfygwvesdfh
13fg924p5uyegrjsdkfjgh-24upwejfdkjgw                           jsdkfjgh-231rtsdgfhu6yjgnbvasgsdiokjhhbvr4ergfygwvesdfh
1495gjrepw;ldfkjgwpe;iyghdshwepkryhgpweiok            ldfkjgwpe;iyghdshwe31rtsdgfhu6yjgnbvasgsdiokjhhbvr4ergfygwvesdfh
1sdfasdfasdfasdfa sdfhdtyijrdfgasfasdfa       &       sdfhdtyijrdfgasfasd31rtsdgfhu6yjgnbvasgsdiokjhhbvr4ergfygwvesdfh
2sdfasdfsghjhgfjgjhkjkghfsdafew                                                       gnbvasgsdiokjhhbvr4ergfygwvesdfh
31rtsdgfhu6yjgnbvasgsdiokjhhbvr4ergfy                            bvr4ergf31rtsdgfhu6yjgnbvasgsdiokjhhbvr4ergfygwvesdfh
4sdfasdfasdfas6ispdofgupsdfugpsiod;fgjsdpi         # *           ▒sdpifgj31rtsdgfhu6yjgnbvasgsdiokjhhbvr4ergfygwvesdfh
5w4y345hsdfsfg;sdlfkgjsdpfgijsdpifghspdfhgisdpf        &     afg;sdlfkgjs31rtsdgfhu6yjgnbvasgsdiokjhhbvr4ergfygwvesdfh
6fg924p5uyegrjsdkfjgh-24upwejfdkjgww[gwkjdfswef6fg924p5uy                                                             
795gjrepw;ldfkjgwpe;iyghdshwepkryhgpweiokfdhgb[795gjrepw;ldfkjgwpe   ghds31rtsdgfhu6yjgnbvasgsdiokjhhbvr4ergfygwvesdfh
6fg924p5uyegrjsdkfjgh-24upwejfdkjgww[gwkjdfswef6fg924p5uyegrjsd      24up31rtsdgfhu6yjgnbvasgsdiokjhhbvr4ergfygwvesdfh
795gjrepw;ldfkjgwpe;iyghdshwepkryhgpweiokfdhgb[795gjrepw;ldfkjgwpe;  ghds31rtsdgfhu6yjgnbvasgsdiokjhhbvr4ergfygwvesdfh
6fg924p5uyegrjsdkfjgh-24upwejfdkjgww[gwk                      &              sdgfhu6yjgnbvasgsdiokjhhbvr4ergfygwvesdfh
795gjrepw;ldfkjgwpe;iyghdshwepkryhgpweiokfdhgb[795gjrepw;ldfkjgwpe;iyghds31rtsdgfhu6yjgnbvasgsdiokjhhbvr4ergfygwvesdfh
6fg924p5uyegrjsdkfjgh-24upwejfdkjgww[gwkjdfswef6fg924p5uyegrjsdkfjgh-24up31rtsdgfhu6yjgnbvasgsdiokjhhbvr4ergfygwvesdfh
795gjrepw;ldfkjgwpe;iyghdshwepkryhgpweiokfdhgb[795gjrepw;ldfkjgwpe;iyghds31rtsdgfhu6yjgnbvasgsdiokjhhbvr4ergfygwvesdfh
6fg924p5uyegrjsdkfjgh-24upwejfdkjgww[gwkjdfswef6fg924p5uyegrjsdkfjgh-24up31rtsdgfhu6yjgnbvasgsdiokjhhbvr4ergfygwvesdfh
795gjrepw;ldfkjgwpe;iyghdshwepkryhgpweiokfdhgb[795gjrepw;ldfkjgwpe;iyghds31rtsdgfhu6yjgnbvasgsdiokjhhbvr4ergfygwvesdfh
6fg924p5uyegrjsdkfjgh-24upwejfdkjgww[gwkjdfswef6fg924p5uyegrjsdkfjgh-24up31rtsdgfhu6yjgnbvasgsdiokjhhbvr4ergfygwvesdfh
795gjrepw;ldfkjgwpe;iyghdshwepkryhgpweiokfdhgb[795gjrepw;ldfkjgwpe;iyghds31rtsdgfhu6yjgnbvasgsdiokjhhbvr4ergfygwvesdfh
<!!>
{
  "Id": 1,
  "WormholePortalMaps": [
    [
      1,
      17,
      65,
      2,
      27,
      58
    ]
  ],
  "CharacterColors": {
    "Cyan": "@",
    "Magenta": "▒,#",
    "Red": "&,*",
    "Green": "$"
  }
}